<!DOCTYPE html PUBLIC "-//W3C//DTD HTML 4.01//EN" "http://www.w3.org/TR/html4/strict.dtd">
<html>
<head>
<meta http-equiv="Content-Type" content="text/html; charset=UTF-8">
<meta http-equiv="Content-Style-Type" content="text/css">
<title></title>
<meta name="Generator" content="Cocoa HTML Writer">
<style type="text/css">
p.p1 {margin: 0.0px 0.0px 0.0px 0.0px; font: 20.0px '.SF UI Display'; color: #0000ff}
span.s1 {font-family: '.SFUIDisplay-Semibold'; font-weight: bold; font-style: normal; font-size: 20.00pt}
</style>
</head>
<body>
<p class="p1"><span class="s1">Hello</span></p>
</body>
</html>
